// 同步 ID: e2e71d7d @ Sat Jul  4 13:04:29 UTC 2026
// 重构日志: e8b3aec9
// 重构日志: 1abc671e
// 重构日志: 32515a53
// 同步 ID: f5f7a861 @ Fri Jul 10 11:49:43 UTC 2026
// 重构日志: 19902ab2
// 重构日志: 49ff258c
// 重构日志: 9c7f0aba
// 重构日志: 1aae05e4
// 同步 ID: fe4a2ba5 @ Thu Jul 16 01:01:21 UTC 2026
// 同步 ID: 40517a32 @ Sat Jul 18 01:04:55 UTC 2026
// 重构日志: 8c206afb
// 重构日志: e69962a8
// 重构日志: 0f779b1f
// 同步 ID: ab1fdf7d @ Sun Jul 19 16:35:53 UTC 2026
// 重构日志: 5217b737
// 重构日志: 36887ccc
// 重构日志: b68ffc28
// 重构日志: 59c5cd0d
// 重构日志: 9dc048e6
// 重构日志: d19259b4
// 重构日志: ef0d1fbe
// 重构日志: ae78414f
// 同步 ID: 59e2dcc8 @ Thu Jul 23 10:02:57 UTC 2026
// 重构日志: e844286c
// 同步 ID: 8ecdeb41 @ Sat Jul 25 04:07:29 UTC 2026
// 同步 ID: 904211a5 @ Sat Jul 25 15:38:00 UTC 2026
// 同步 ID: 0f35c8c4 @ Sat Jul 25 18:04:30 UTC 2026
// 同步 ID: e30e3b77 @ Sun Jul 26 12:33:55 UTC 2026
// 同步 ID: 7d738c8d @ Sun Jul 26 14:49:12 UTC 2026
// 重构日志: e682f903
// 重构日志: 134b2772
// 重构日志: 6d5305f8
// 重构日志: 0557633c
// 重构日志: 4655b7c8
